#MariaDB使用WITH CHECK OPTION創建視圖時報錯ERROR 1368

MariaDB使用WITH CHECK OPTION創建視圖時報錯
```
ERROR 1368 (HY000): CHECK OPTION on non-updatable view
```
原因暫時還不知道，待釐清後更新。

**`原因是語句中使用了limit參數`**

####報錯信息

```sql
MariaDB [bi]> create view if not exists view_signlog(userid,lgoinIp,loginTime,logoutTime) as
    ->  select uid,login_ip,login_time,logout_time from sign_log order by id desc limit 10            
    ->  with check option;
ERROR 1368 (HY000): CHECK OPTION on non-updatable view 'bi.view_signlog'
MariaDB [bi]>
```

####排錯過程

```sql
//報錯語句
MariaDB [bi]> create view if not exists view_signlog(userid,lgoinIp,loginTime,logoutTime) as
    ->  select uid,login_ip,login_time,logout_time from sign_log order by id desc limit 10            
    ->  with check option;
ERROR 1368 (HY000): CHECK OPTION on non-updatable view 'bi.view_signlog'

//去除order和limit參數，能正常執行
MariaDB [bi]> create view if not exists view_signlog(userid,lgoinIp,loginTime,logoutTime) as
    ->  select uid,login_ip,login_time,logout_time from sign_log
    -> with check option;
Query OK, 0 rows affected (0.93 sec)

//刪除視圖
MariaDB [bi]> drop view view_signlog;
Query OK, 0 rows affected (0.06 sec)

//使用where和order，能正常執行
MariaDB [bi]>  create view if not exists view_signlog(userid,lgoinIp,loginTime,logoutTime) as
    ->  select uid,login_ip,login_time,logout_time from sign_log where uid>6 order by id desc
    -> with check option;
Query OK, 0 rows affected (0.17 sec)

//刪除視圖
MariaDB [bi]> drop view view_signlog;
Query OK, 0 rows affected (0.00 sec)

//添加limit參數時報錯
MariaDB [bi]> create view if not exists view_signlog(userid,lgoinIp,loginTime,logoutTime) as
    -> select uid,login_ip,login_time,logout_time from sign_log limit 10                 
    -> with check option;
ERROR 1368 (HY000): CHECK OPTION on non-updatable view 'bi.view_signlog'
MariaDB [bi]>
```

####參考資料
[Views: imperfect error message](http://bugs.mysql.com/bug.php?id=9801)
[CREATE VIEW refuses WITH CHECK OPTION for updatable view](https://bugs.mysql.com/bug.php?id=58089)
[MYSQL ERROR MESSAGES AND FAILURE CODES FROM ERROR 1361 TO 1370](http://www.sqlserverf1.com/tag/message-check-option-on-non-updatable-view-s-s/)
[**Inserting and Updating with Views**](https://mariadb.com/kb/en/mariadb/inserting-and-updating-with-views/)
[updatable_views_with_limit](https://mariadb.com/kb/en/mariadb/server-system-variables/#updatable_views_with_limit)
[视图中with check option的作用](http://blog.csdn.net/ocean1010/article/details/6594385)


---
**Note Time**：2015.09.23 16:38 Sunday 上海 慧谷

---

`Blog Url`:<http://qingtianjiedu.com/blog/mariadb-use-with-check-option-occur-error-1368-hy000-check-option-on-non-updatable-view/>
`Release Time`:2015-09-23
`BackUpTime`:2015.11.08 13:44
