#MariaDB爲用戶授予grant權限

>Use the `WITH GRANT OPTION` clause to give users the ability to grant privileges to other users at the given privilege level
Using the `WITH GRANT OPTION` clause is equivalent to listing GRANT OPTION as a privilege.「[鏈接](https://mariadb.com/kb/en/mariadb/grant/)」

擁有grant權限的用戶可以將自己所擁有的權限賦予其他用戶，`WITH GRANT OPTION`與列表中的 `GRANT OPTION`等效。

1. 在授權語句末尾使用`WITH GRANT OPTION`
2. 在句子中使用`grant option`

```sql
//登錄本地數據庫
[root@localhost ~]# mysql -u root -p
Enter password:
Welcome to the MariaDB monitor.  Commands end with ; or \g.
Your MariaDB connection id is 5
Server version: 5.5.44-MariaDB MariaDB Server

Copyright (c) 2000, 2015, Oracle, MariaDB Corporation Ab and others.

Type 'help;' or '\h' for help. Type '\c' to clear the current input statement.

//查看數據庫用戶
MariaDB [(none)]> select User,Host from mysql.user;
+------+-----------+
| User | Host      |
+------+-----------+
| root | 127.0.0.1 |
| root | ::1       |
| root | localhost |
+------+-----------+
3 rows in set (0.00 sec)

//授予權限，其中把grant權限放在grant之後的參數中（出現報錯）
MariaDB [(none)]> grant select,update,insert,delete,grant on *.* to 'flying'@'localhost' identified by '88888';
ERROR 1064 (42000): You have an error in your SQL syntax; check the manual that corresponds to your MariaDB server version for the right syntax to use near 'on *.* to 'flying'@'localhost' identified by '88888'' at line 1

//將grant權限放置在語句最後with grant option
MariaDB [(none)]> grant select,update,insert,delete on *.* to 'flying'@'localhost' identified by '88888' with grant option;
Query OK, 0 rows affected (0.00 sec)

//再次查看數據庫用戶
MariaDB [(none)]> select User,Host from mysql.user;
+--------+-----------+
| User   | Host      |
+--------+-----------+
| root   | 127.0.0.1 |
| root   | ::1       |
| flying | localhost |
| root   | localhost |
+--------+-----------+
4 rows in set (0.00 sec)

//查看'flying'@'localhost'的授權明細
MariaDB [(none)]> show grants for 'flying'@'localhost';
+----------------------------------------------------------------------------------------------------------------------------------------------------------+
| Grants for flying@localhost                                                                                                                              |
+----------------------------------------------------------------------------------------------------------------------------------------------------------+
| GRANT SELECT, INSERT, UPDATE, DELETE ON *.* TO 'flying'@'localhost' IDENTIFIED BY PASSWORD '*7820354FA39E9B967F91EA31D397DC1E788D4D43' WITH GRANT OPTION |
+----------------------------------------------------------------------------------------------------------------------------------------------------------+
1 row in set (0.00 sec)

//取消用戶的grant授權
MariaDB [(none)]> revoke grant option on *.* from 'flying'@'localhost';
Query OK, 0 rows affected (0.00 sec)

//刷新權限
MariaDB [(none)]> flush privileges;
Query OK, 0 rows affected (0.00 sec)

//查看用戶授權明細（已經沒有grant權限）
MariaDB [(none)]> show grants for 'flying'@'localhost';
+----------------------------------------------------------------------------------------------------------------------------------------+
| Grants for flying@localhost                                                                                                            |
+----------------------------------------------------------------------------------------------------------------------------------------+
| GRANT SELECT, INSERT, UPDATE, DELETE ON *.* TO 'flying'@'localhost' IDENTIFIED BY PASSWORD '*7820354FA39E9B967F91EA31D397DC1E788D4D43' |
+----------------------------------------------------------------------------------------------------------------------------------------+
1 row in set (0.00 sec)

//在grant後使用grant option
MariaDB [(none)]> grant grant option on *.* to 'flying'@'localhost';
Query OK, 0 rows affected (0.00 sec)

//刷新權限
MariaDB [(none)]> flush privileges;
Query OK, 0 rows affected (0.00 sec)

//查看用戶授權明細（重新擁有grant權限）
MariaDB [(none)]> show grants for 'flying'@'localhost';
+----------------------------------------------------------------------------------------------------------------------------------------------------------+
| Grants for flying@localhost                                                                                                                              |
+----------------------------------------------------------------------------------------------------------------------------------------------------------+
| GRANT SELECT, INSERT, UPDATE, DELETE ON *.* TO 'flying'@'localhost' IDENTIFIED BY PASSWORD '*7820354FA39E9B967F91EA31D397DC1E788D4D43' WITH GRANT OPTION |
+----------------------------------------------------------------------------------------------------------------------------------------------------------+
1 row in set (0.00 sec)

MariaDB [(none)]>
```
---

####參考資料
[GRANT](https://mariadb.com/kb/en/mariadb/grant/)
[MariaDB: Grant/Revoke Privileges](http://www.techonthenet.com/mariadb/grant_revoke.php)
[SHOW GRANTS](https://mariadb.com/kb/en/mariadb/show-grants/)


---
**Note Time**：2015.09.09 10:33 Wensday 上海 慧谷

---

`Blog Url`:<http://qingtianjiedu.com/blog/mariadb-grant-user-grant-option-privilege/>
`Release Time`:2015-09-09
`BackUpTime`:2015.11.08 13:28
