#MariaDB外鍵

MariaDB外鍵通常用於建立子表與父表的關聯關係。如果有外鍵存在，直接刪除父表中數據會有報錯提示,需加入級聯刪除、級聯更新才能正常操作。
子表的外鍵關聯的必須是父表的主鍵，且數據類型必須一致。

以下示例：表bbb中`pid`關聯表aaa中`id`，建立外鍵後，嘗試刪除表aaa中數據。

```sql
//創建表aaa
MariaDB [isnapp]> create table aaa(
    -> id int(10) unsigned not null auto_increment primary key,
    -> name char(50) not null
    -> )engine=innodb default charset=utf8 collate=utf8_general_ci;
Query OK, 0 rows affected (0.09 sec)

//創建表bbb
MariaDB [isnapp]> create table bbb(
    -> id int(10) unsigned not null auto_increment primary key,
    -> pid int(10) unsigned not null,
    -> name char(50) not null
    -> )engine=innodb default charset=utf8 collate=utf8_general_ci;
Query OK, 0 rows affected (0.07 sec)

//建立外鍵
MariaDB [isnapp]> alter table bbb add foreign key(pid) references aaa(id);
Query OK, 0 rows affected (0.25 sec)               
Records: 0  Duplicates: 0  Warnings: 0

//查看表bbb創建語句
MariaDB [isnapp]> show create table bbb;
+-------+------------------------------------------------+
| Table | Create Table                  |
+-------+----------------------------------- ------------+
| bbb   | CREATE TABLE `bbb` (
  `id` int(10) unsigned NOT NULL AUTO_INCREMENT,
  `pid` int(10) unsigned NOT NULL,
  `name` char(50) NOT NULL,
  PRIMARY KEY (`id`),
  KEY `pid` (`pid`),
  CONSTRAINT `bbb_ibfk_1` FOREIGN KEY (`pid`) REFERENCES `aaa` (`id`)
) ENGINE=InnoDB DEFAULT CHARSET=utf8 |
+-------+-----------------------------------------+
1 row in set (0.00 sec)

//查看表bbb信息
MariaDB [isnapp]> desc bbb;
+-------+------------------+------+-----+---------+----------------+
| Field | Type             | Null | Key | Default | Extra          |
+-------+------------------+------+-----+---------+----------------+
| id    | int(10) unsigned | NO   | PRI | NULL    | auto_increment |
| pid   | int(10) unsigned | NO   | MUL | NULL    |                |
| name  | char(50)         | NO   |     | NULL    |                |
+-------+------------------+------+-----+---------+----------------+
3 rows in set (0.00 sec)

//查看表aaa信息
MariaDB [isnapp]> desc aaa;
+-------+------------------+------+-----+---------+----------------+
| Field | Type             | Null | Key | Default | Extra          |
+-------+------------------+------+-----+---------+----------------+
| id    | int(10) unsigned | NO   | PRI | NULL    | auto_increment |
| name  | char(50)         | NO   |     | NULL    |                |
+-------+------------------+------+-----+---------+----------------+
2 rows in set (0.00 sec)

//向表aaa中插入數據
MariaDB [isnapp]> insert into aaa(name) values('horse'),('pear'),('banana'),('winter');
Query OK, 4 rows affected (0.02 sec)
Records: 4  Duplicates: 0  Warnings: 0

MariaDB [isnapp]> select * from aaa;
+----+--------+
| id | name   |
+----+--------+
|  1 | horse  |
|  2 | pear   |
|  3 | banana |
|  4 | winter |
+----+--------+
4 rows in set (0.00 sec)

//向表bbb中插入數據
MariaDB [isnapp]> insert into bbb(pid,name) values(1,'888'),(1,'999'),(1,'777'),(2,'123'),(2,'234'),(3,'345');
Query OK, 6 rows affected (0.03 sec)
Records: 6  Duplicates: 0  Warnings: 0

MariaDB [isnapp]> select * from aaa;
+----+--------+
| id | name   |
+----+--------+
|  1 | horse  |
|  2 | pear   |
|  3 | banana |
|  4 | winter |
+----+--------+
4 rows in set (0.00 sec)

//嘗試刪除表aaa中數據
MariaDB [isnapp]> delete from aaa where id=1;
ERROR 1451 (23000): Cannot delete or update a parent row: a foreign key constraint fails (`isnapp`.`bbb`, CONSTRAINT `bbb_ibfk_1` FOREIGN KEY (`pid`) REFERENCES `aaa` (`id`))

//嘗試刪除外鍵時報錯
MariaDB [isnapp]> alter table bbb drop foreign key pid;
ERROR 1025 (HY000): Error on rename of './isnapp/bbb' to './isnapp/#sql2-917-3' (errno: 152)

//嘗試刪除外鍵時再次報錯
MariaDB [isnapp]> alter table bbb drop froeign key pid;
ERROR 1064 (42000): You have an error in your SQL syntax; check the manual that corresponds to your MariaDB server version for the right syntax to use near 'key pid' at line 1

//再次查看表bbb創建語句，發現外鍵別名是bbb_ibfk_1
MariaDB [isnapp]> show create table bbb;
+-------+------------------------------------------------------------+
| Table | Create Table                          |
+-------+-------------------------------------------------------------+
| bbb   | CREATE TABLE `bbb` (
  `id` int(10) unsigned NOT NULL AUTO_INCREMENT,
  `pid` int(10) unsigned NOT NULL,
  `name` char(50) NOT NULL,
  PRIMARY KEY (`id`),
  KEY `pid` (`pid`),
  CONSTRAINT `bbb_ibfk_1` FOREIGN KEY (`pid`) REFERENCES `aaa` (`id`)
) ENGINE=InnoDB AUTO_INCREMENT=7 DEFAULT CHARSET=utf8 |
+-------+------------------------------------------------------------------+
1 row in set (0.00 sec)

//再次嘗試刪除外鍵(成功)
MariaDB [isnapp]> alter table bbb drop foreign key bbb_ibfk_1;
Query OK, 6 rows affected (0.18 sec)               
Records: 6  Duplicates: 0  Warnings: 0

//再次查看表bbb創建語句，外鍵已經成功刪除
MariaDB [isnapp]> show create table bbb;
+-------+--------------------------------------------------------------+
| Table | Create Table                           |
+-------+--------------------------------------------------------------+
| bbb   | CREATE TABLE `bbb` (
  `id` int(10) unsigned NOT NULL AUTO_INCREMENT,
  `pid` int(10) unsigned NOT NULL,
  `name` char(50) NOT NULL,
  PRIMARY KEY (`id`),
  KEY `pid` (`pid`)
) ENGINE=InnoDB AUTO_INCREMENT=7 DEFAULT CHARSET=utf8 |
+-------+--------------------------------------------------------------+
1 row in set (0.00 sec)

//刪除數據(成功)
MariaDB [isnapp]> delete from aaa where id=1;
Query OK, 1 row affected (0.03 sec)

//查詢表aaa，id=1的數據已經刪除
MariaDB [isnapp]> select * from aaa;
+----+--------+
| id | name   |
+----+--------+
|  2 | pear   |
|  3 | banana |
|  4 | winter |
+----+--------+
3 rows in set (0.00 sec)

MariaDB [isnapp]>
```

---

**Note Time**：2015.05.20 16:12 Thursday 上海 慧谷

---

`Blog Url`:<http://qingtianjiedu.com/blog/mariadb-foreign-key/>
`Release Time`:2015-05-20
`BackUpTime`:2015.11.07 10:28
