#MariaDB-Dynamic Columns初窺

Dynamic columns(動態列)是MariaDB-5.3開始新加入的功能，可用來存儲json格式數據。數據集存儲在BLOB數據類型中，且有一些專有的操作函數。


1. [Dynamic Columns Functions](#dynamic-columns-functions)
1.1 [COLUMN_CREATE](#column-create)
1.2 [COLUMN_GET](#column-get)
1.3 [COLUMN_ADD](#column-add)
1.4 [COLUMN_EXISTS](#column-exists)
1.5 [COLUMN_LIST](#column-list)
1.6 [COLUMN_CHECK](#column-check)
1.7 [COLUMN_JSON](#column-json)
2. [嘗試過程1:建表](#try1-create-table)
3. [嘗試過程2:CRUD增刪改查](#try2-crud)
4. [關於應用場景](#關於應用場景)
5. [參考資料](#參考資料)


####Dynamic Columns Functions

<span id="column-create"></span>
#####COLUMN_CREATE
```sql
/用於INSERT語句
COLUMN_CREATE(column_nr, value [as type], [column_nr, value [as type]]...);
COLUMN_CREATE(column_name, value [as type], [column_name, value [as type]]...);
```

<span id="column-get"></span>
#####COLUMN_GET
```sql
//用於SELECT語句
COLUMN_GET(dyncol_blob, column_nr as type);
COLUMN_GET(dyncol_blob, column_name as type);
```

<span id='column-add'></span>
#####COLUMN_ADD
```sql
//用於UPDATE語句，增加column_name或更新已存在column_name的值
COLUMN_ADD(dyncol_blob, column_nr, value [as type], [column_nr, value [as type]]...);
COLUMN_ADD(dyncol_blob, column_name, value [as type], [column_name, value [as type]]...);
```

<span id="column-delete"></span>
#####COLUMN_DELETE
```sql
//用於UPDATE語句，刪除column_name
COLUMN_DELETE(dyncol_blob, column_nr, column_nr...);
COLUMN_DELETE(dyncol_blob, column_name, column_name...);
```


<span id="column-exists"></span>
#####COLUMN_EXISTS
```
//檢查column_name在dyncol_blob中是否存在，存在返回1，不存在返回0
COLUMN_EXISTS(dyncol_blob, column_nr);
COLUMN_EXISTS(dyncol_blob, column_name);
```


<span id="column-list"></span>
#####COLUMN_LIST
```
//返回dyncol_blob中所有column_name，以逗號間隔
COLUMN_LIST(dyncol_blob);
```

<span id="column-check"></span>
#####COLUMN_CHECK
```
//檢查dyncol_blob是否是a valid packed dynamic columns blob
COLUMN_CHECK(dyncol_blob);
```

<span id="column-json"></span>
#####COLUMN_JSON
```
//返回JSON格式數據
COLUMN_JSON(dyncol_blob);
```

---

<span id="try1-create-table"></span>
####嘗試過程1:建表

```sql
Last login: Mon Sep 28 17:06:02 2015 from 192.168.30.58
[flying@localhost ~]$ su
Password:
[root@localhost flying]# mysql -uroot -p
Enter password:
Welcome to the MariaDB monitor.  Commands end with ; or \g.
Your MariaDB connection id is 7
Server version: 10.1.7-MariaDB MariaDB Server

Copyright (c) 2000, 2015, Oracle, MariaDB Corporation Ab and others.

Type 'help;' or '\h' for help. Type '\c' to clear the current input statement.

MariaDB [(none)]> drop database if exists dynamic;
Query OK, 0 rows affected (0.00 sec)

MariaDB [(none)]> create database if not exist dynamic;
ERROR 1064 (42000): You have an error in your SQL syntax; check the manual that corresponds to your MariaDB server version for the right syntax to use near 'exist dynamic' at line 1
MariaDB [(none)]> create database if not exists dynamic;
Query OK, 1 row affected (0.28 sec)

MariaDB [(none)]> use dynamic;
Database changed
MariaDB [dynamic]> show tables;
Empty set (0.00 sec)

MariaDB [dynamic]> create table if not exists product(
    -> id int(10) unsigned not null auto_increment primary key comment '自增id',
    -> pname varchar(255) not null comment '商品名稱',
    -> attribute blob comment '商品屬性'
    -> )engine=innodb default charset=utf8 collate=utf8_general_ci comment '商品表';
Query OK, 0 rows affected (0.06 sec)

MariaDB [dynamic]> show tables;
+-------------------+
| Tables_in_dynamic |
+-------------------+
| product           |
+-------------------+
1 row in set (0.00 sec)

MariaDB [dynamic]> desc product;
+-----------+------------------+------+-----+---------+----------------+
| Field     | Type             | Null | Key | Default | Extra          |
+-----------+------------------+------+-----+---------+----------------+
| id        | int(10) unsigned | NO   | PRI | NULL    | auto_increment |
| pname     | varchar(255)     | NO   |     | NULL    |                |
| attribute | blob             | YES  |     | NULL    |                |
+-----------+------------------+------+-----+---------+----------------+
3 rows in set (0.01 sec)

MariaDB [dynamic]> show create table product\G
*************************** 1. row ***************************
       Table: product
Create Table: CREATE TABLE `product` (
  `id` int(10) unsigned NOT NULL AUTO_INCREMENT COMMENT '自增id',
  `pname` varchar(255) NOT NULL COMMENT '商品名稱',
  `attribute` blob COMMENT '商品屬性',
  PRIMARY KEY (`id`)
) ENGINE=InnoDB DEFAULT CHARSET=utf8 COMMENT='商品表'
1 row in set (0.00 sec)

MariaDB [dynamic]>
```

---
<span id="try2-crud"></span>
####嘗試過程2:CRUD增刪改查

```sql
//使用column_create插入新數據
MariaDB [dynamic]> insert into product(pname,attribute) values('娃哈哈',column_create('price',100,'size',50,'color','red','country','cn'));
Query OK, 1 row affected (0.04 sec)

//使用column_create插入新數據
MariaDB [dynamic]> insert into product(pname,attribute) values('娃哈哈',column_create('price',100,'size',50,'color','red','country','cn'));
Query OK, 1 row affected (0.05 sec)

//使用column_create插入新數據
MariaDB [dynamic]> insert into product(pname,attribute) values('娃哈哈',column_create('price',100,'size',50,'color','red','country','cn'))
    -> ,('喜洋洋',column_create('price',200,'size',88,'color','blue','country','us'));
Query OK, 2 rows affected (0.03 sec)
Records: 2  Duplicates: 0  Warnings: 0

//查詢表product中數據條數
MariaDB [dynamic]> select count(*) from product;
+----------+
| count(*) |
+----------+
|        4 |
+----------+
1 row in set (0.00 sec)

//使用column_list列出attribute中column names，以逗號間隔
MariaDB [dynamic]> select id,pname,column_list(attribute) as attribute from product;
+----+-----------+----------------------------------+
| id | pname     | attribute                        |
+----+-----------+----------------------------------+
|  1 | 娃哈哈    | `size`,`color`,`price`,`country` |
|  2 | 娃哈哈    | `size`,`color`,`price`,`country` |
|  3 | 娃哈哈    | `size`,`color`,`price`,`country` |
|  4 | 喜洋洋    | `size`,`color`,`price`,`country` |
+----+-----------+----------------------------------+
4 rows in set (0.01 sec)

//使用column_json返回json格式數據
MariaDB [dynamic]> select id,pname,column_json(attribute) as attribute from product;    
+----+-----------+-------------------------------------------------------+
| id | pname     | attribute                                             |
+----+-----------+-------------------------------------------------------+
|  1 | 娃哈哈    | {"size":50,"color":"red","price":100,"country":"cn"}  |
|  2 | 娃哈哈    | {"size":50,"color":"red","price":100,"country":"cn"}  |
|  3 | 娃哈哈    | {"size":50,"color":"red","price":100,"country":"cn"}  |
|  4 | 喜洋洋    | {"size":88,"color":"blue","price":200,"country":"us"} |
+----+-----------+-------------------------------------------------------+
4 rows in set (0.00 sec)

//使用column_get從表product中取出attribute中各column names，發現有報錯
MariaDB [dynamic]> select id,pname,column_get(attribute,size as int) as size,
    -> column_get(attribute,color as char) as color,
    -> column_get(attribute,price as int) as price,
    -> column_get(attribute,country as char) as country from product;
ERROR 1054 (42S22): Unknown column 'size' in 'field list'

//column name需要有引號
MariaDB [dynamic]> select id,pname,column_get(attribute, 'size' as int) as size, column_get(attribute, 'color' as char) as color, column_get(attribute, 'price' as int) as price, column_get(attribute, 'country' as char) as country from product;
+----+-----------+------+-------+-------+---------+
| id | pname     | size | color | price | country |
+----+-----------+------+-------+-------+---------+
|  1 | 娃哈哈    |   50 | red   |   100 | cn      |
|  2 | 娃哈哈    |   50 | red   |   100 | cn      |
|  3 | 娃哈哈    |   50 | red   |   100 | cn      |
|  4 | 喜洋洋    |   88 | blue  |   200 | us      |
+----+-----------+------+-------+-------+---------+
4 rows in set (0.00 sec)

//使用column_add進行column name的添加(column name此前不存在)
MariaDB [dynamic]> update product set attribute=column_add(attribute, 'onsale','yes') where id=2;
Query OK, 1 row affected (0.04 sec)
Rows matched: 1  Changed: 1  Warnings: 0

//使用column_json返回json格式數據，id=2的數據多了onsale一項
MariaDB [dynamic]> select id,pname,column_json(attribute) as attribute from product;
+----+-----------+---------------------------------------------------------------------+
| id | pname     | attribute                                                           |
+----+-----------+---------------------------------------------------------------------+
|  1 | 娃哈哈    | {"size":50,"color":"red","price":100,"country":"cn"}                |
|  2 | 娃哈哈    | {"size":50,"color":"red","price":100,"onsale":"yes","country":"cn"} |
|  3 | 娃哈哈    | {"size":50,"color":"red","price":100,"country":"cn"}                |
|  4 | 喜洋洋    | {"size":88,"color":"blue","price":200,"country":"us"}               |
+----+-----------+---------------------------------------------------------------------+
4 rows in set (0.00 sec)

//使用column_delete進行column name的刪除(column name存在)
//成功刪除“Rows matched: 1  Changed: 1  Warnings: 0”
MariaDB [dynamic]> update product set attribute=column_delete(attribute, 'color') where id=3;
Query OK, 1 row affected (0.00 sec)
Rows matched: 1  Changed: 1  Warnings: 0

//使用column_json返回json格式數據，id=3的數據少了color一項
MariaDB [dynamic]> select id,pname,column_json(attribute) as attribute from product;          
+----+-----------+---------------------------------------------------------------------+
| id | pname     | attribute                                                           |
+----+-----------+---------------------------------------------------------------------+
|  1 | 娃哈哈    | {"size":50,"color":"red","price":100,"country":"cn"}                |
|  2 | 娃哈哈    | {"size":50,"color":"red","price":100,"onsale":"yes","country":"cn"} |
|  3 | 娃哈哈    | {"size":50,"price":100,"country":"cn"}                              |
|  4 | 喜洋洋    | {"size":88,"color":"blue","price":200,"country":"us"}               |
+----+-----------+---------------------------------------------------------------------+
4 rows in set (0.00 sec)

//使用column_add進行數據更新(column name已經存在)
MariaDB [dynamic]> update product set attribute=column_add(attribute, 'country','tw') where id=1;
Query OK, 1 row affected (0.04 sec)
Rows matched: 1  Changed: 1  Warnings: 0

//使用column_json返回json格式數據，id=1的country更替爲tw
MariaDB [dynamic]> select id,pname,column_json(attribute) as attribute from product;             
+----+-----------+---------------------------------------------------------------------+
| id | pname     | attribute                                                           |
+----+-----------+---------------------------------------------------------------------+
|  1 | 娃哈哈    | {"size":50,"color":"red","price":100,"country":"tw"}                |
|  2 | 娃哈哈    | {"size":50,"color":"red","price":100,"onsale":"yes","country":"cn"} |
|  3 | 娃哈哈    | {"size":50,"price":100,"country":"cn"}                              |
|  4 | 喜洋洋    | {"size":88,"color":"blue","price":200,"country":"us"}               |
+----+-----------+---------------------------------------------------------------------+
4 rows in set (0.00 sec)

//使用column_delete進行column name的刪除(column name不存在)
//“Rows matched: 1  Changed: 0  Warnings: 0”
MariaDB [dynamic]> update product set attribute=column_delete(attribute, 'color') where id=3;    
Query OK, 0 rows affected (0.00 sec)
Rows matched: 1  Changed: 0  Warnings: 0

//使用column_json返回json格式數據
MariaDB [dynamic]> select id,pname,column_json(attribute) as attribute from product;         
+----+-----------+---------------------------------------------------------------------+
| id | pname     | attribute                                                           |
+----+-----------+---------------------------------------------------------------------+
|  1 | 娃哈哈    | {"size":50,"color":"red","price":100,"country":"tw"}                |
|  2 | 娃哈哈    | {"size":50,"color":"red","price":100,"onsale":"yes","country":"cn"} |
|  3 | 娃哈哈    | {"size":50,"price":100,"country":"cn"}                              |
|  4 | 喜洋洋    | {"size":88,"color":"blue","price":200,"country":"us"}               |
+----+-----------+---------------------------------------------------------------------+
4 rows in set (0.00 sec)

MariaDB [dynamic]>
```

---
####關於應用場景
因暫時公司業務還沒有使用到NoSQL，暫時按下，待以後有用到時，再更新。


####參考資料：
[Dynamic Columns](https://mariadb.com/kb/en/mariadb/dynamic-columns/)
[Dynamic Columns in MariaDB 10](https://mariadb.com/kb/en/mariadb/dynamic-columns-in-mariadb-10/)
[Dynamic Columns API](https://mariadb.com/kb/en/mariadb/dynamic-columns-api/)
[Dynamic columns in MariaDB](http://radar.oreilly.com/2015/04/dynamic-columns-in-mariadb.html)
[Dynamic Columns Tutorial – Part 1: Introduction](https://mariadb.com/blog/dynamic-columns-tutorial-part-1-introduction)
[Dynamic Columns Tutorial – Part 2: Searching and Updating](https://mariadb.com/blog/dynamic-columns-tutorial-part-2-searching-and-updating)
[Creating JSON documents with MariaDB](https://falseisnotnull.wordpress.com/2014/11/23/creating-json-documents-with-mariadb/)

---
**Note Time**：2015.09.28 17:53 Monday 上海 慧谷

---

`Blog Url`:<http://qingtianjiedu.com/blog/glimpse-of-mariadb-dynamic-columns/>
`Release Time`:2015-09-28
`BackUpTime`:2015.11.08 14:50
