#MariaDB中嘗試使用ENUM和SET數據類型

數據類型`ENUM`和`SET`是MariaDB字符串類型中的兩種，但在使用上沒有字符串類型`CHAR`和`VARCHAR`來得頻繁和廣泛。
擎天節度此前沒有使用過這兩種數據類型，現嘗試使用。

`ENUM`類型每次只能從取值列表中取**一個值**；
`SET`類型每次可以從取值列表中取**多個值**；

#####ENUM類型
其中的值通過十進制編號1、2、3、4…匹配對應，入庫時寫入對應的編號值即可；

#####SET類型
其中的值通過二進制編號0001、0010、0010、1000…匹配對應，換算成十進制即1、2、4、8（pow(2,n)，其中n为位置数，从1开始）

>入庫時
如果只取其中一個值，可以直接寫入對應的十進制編號值；
如果只取其中多個值，則需要將需要的值的對應的十進位值數值求和，將此得到的值入庫；

---

####建表&寫入數據測試

```sql
//登入數據庫
[root@localhost ~]# mysql -uroot -p
Enter password:
Welcome to the MariaDB monitor.  Commands end with ; or \g.
Your MariaDB connection id is 4
Server version: 5.5.41-MariaDB-log MariaDB Server

Copyright (c) 2000, 2014, Oracle, MariaDB Corporation Ab and others.

Type 'help;' or '\h' for help. Type '\c' to clear the current input statement.

//顯示已有的數據庫
MariaDB [(none)]> show databases;
+--------------------+
| Database           |
+--------------------+
| information_schema |
| isnapp             |
| mysql              |
| performance_schema |
+--------------------+
4 rows in set (0.00 sec)

//創建數據庫test
MariaDB [(none)]> create database test;
Query OK, 1 row affected (0.00 sec)

//再次查看數據庫，test已經創建成功
MariaDB [(none)]> show databases;
+--------------------+
| Database           |
+--------------------+
| information_schema |
| isnapp             |
| mysql              |
| performance_schema |
| test               |
+--------------------+
5 rows in set (0.00 sec)

//切換入數據庫test
MariaDB [(none)]> use test;
Database changed

//顯示數據庫test中的數據表
MariaDB [test]> show tables;
Empty set (0.00 sec)

//創建表testinfo
MariaDB [test]> create table testinfo(
    -> id int(10) unsigned not null auto_increment primary key,
    -> sex enum('male','female','unknown') not null comment '性别',
    -> hobby set('sing','dance','write','draw','race') not null comment '业余爱好'
    -> )engine=innodb default charset=utf8 collate=utf8_general_ci;
Query OK, 0 rows affected (0.09 sec)

//再次顯示數據表，testinfo創建成功
MariaDB [test]> show tables;
+----------------+
| Tables_in_test |
+----------------+
| testinfo       |
+----------------+
1 row in set (0.01 sec)

//顯示數據庫testinfo建表語句
MariaDB [test]> show create table testinfo\G
*************************** 1. row ***************************
       Table: testinfo
Create Table: CREATE TABLE `testinfo` (
  `id` int(10) unsigned NOT NULL AUTO_INCREMENT,
  `sex` enum('male','female','unknown') NOT NULL COMMENT '性别',
  `hobby` set('sing','dance','write','draw','race') NOT NULL COMMENT '业余爱好',
  PRIMARY KEY (`id`)
) ENGINE=InnoDB DEFAULT CHARSET=utf8
1 row in set (0.00 sec)

//插入數據測試，hobby(set類型數據)分別對應其中的5條數據
MariaDB [test]> insert into testinfo(sex,hobby) values(1,1),(1,2),(1,4),(1,8),(2,16);
Query OK, 5 rows affected (0.04 sec)
Records: 5  Duplicates: 0  Warnings: 0

//顯示數據表中內容
MariaDB [test]> select * from testinfo;
+----+--------+-------+
| id | sex    | hobby |
+----+--------+-------+
|  1 | male   | sing  |
|  2 | male   | dance |
|  3 | male   | write |
|  4 | male   | draw  |
|  5 | female | race  |
+----+--------+-------+
5 rows in set (0.00 sec)

//清空數據表
MariaDB [test]> truncate table testinfo;
Query OK, 0 rows affected (0.04 sec)

//再次查詢，數據表已經被清空
MariaDB [test]> select * from testinfo;
Empty set (0.00 sec)

//插入數據測試，hobby(set類型數據)組合插入數據
MariaDB [test]> insert into testinfo(sex,hobby) values(1,1),(2,2),(3,3),(1,8),(2,9),(3,6),(3,10),(1,14),(2,31);
Query OK, 9 rows affected (0.03 sec)
Records: 9  Duplicates: 0  Warnings: 0

//顯示數據表中內容，可以看到是組合插入
MariaDB [test]> select * from testinfo;+----+---------+----------------------------+
| id | sex     | hobby                      |
+----+---------+----------------------------+
|  1 | male    | sing                       |
|  2 | female  | dance                      |
|  3 | unknown | sing,dance                 |
|  4 | male    | draw                       |
|  5 | female  | sing,draw                  |
|  6 | unknown | dance,write                |
|  7 | unknown | dance,draw                 |
|  8 | male    | dance,write,draw           |
|  9 | female  | sing,dance,write,draw,race |
+----+---------+----------------------------+
9 rows in set (0.00 sec)

MariaDB [test]>
```

---

**以下內容是2015.07.23 17:07補上**

讀取數據（可通過編號也可通過字符串，也可通過正則匹配字符串）
```sql
//顯示表中所有數據
MariaDB [test]> select * from testinfo;
+----+---------+----------------------------+
| id | sex     | hobby                      |
+----+---------+----------------------------+
|  1 | male    | sing                       |
|  2 | female  | dance                      |
|  3 | unknown | sing,dance                 |
|  4 | male    | draw                       |
|  5 | female  | sing,draw                  |
|  6 | unknown | dance,write                |
|  7 | unknown | dance,draw                 |
|  8 | male    | dance,write,draw           |
|  9 | female  | sing,dance,write,draw,race |
+----+---------+----------------------------+
9 rows in set (0.00 sec)

//查詢sex=1即male數據
MariaDB [test]> select * from testinfo where sex=1;
+----+------+------------------+
| id | sex  | hobby            |
+----+------+------------------+
|  1 | male | sing             |
|  4 | male | draw             |
|  8 | male | dance,write,draw |
+----+------+------------------+
3 rows in set (0.00 sec)

//查詢sex=2即female數據
MariaDB [test]> select * from testinfo where sex=2;
+----+--------+----------------------------+
| id | sex    | hobby                      |
+----+--------+----------------------------+
|  2 | female | dance                      |
|  5 | female | sing,draw                  |
|  9 | female | sing,dance,write,draw,race |
+----+--------+----------------------------+
3 rows in set (0.00 sec)

//直接用male查詢報錯
MariaDB [test]> select * from testinfo where sex=male;
ERROR 1054 (42S22): Unknown column 'male' in 'where clause'

//使用字符串'male'查詢，可以爭取獲取數據
MariaDB [test]> select * from testinfo where sex='male';
+----+------+------------------+
| id | sex  | hobby            |
+----+------+------------------+
|  1 | male | sing             |
|  4 | male | draw             |
|  8 | male | dance,write,draw |
+----+------+------------------+
3 rows in set (0.00 sec)

//查詢hobby=6數據
MariaDB [test]> select * from testinfo where hobby=6;
+----+---------+-------------+
| id | sex     | hobby       |
+----+---------+-------------+
|  6 | unknown | dance,write |
+----+---------+-------------+
1 row in set (0.00 sec)


//查詢hobby=8數據
MariaDB [test]> select * from testinfo where hobby=8;
+----+------+-------+
| id | sex  | hobby |
+----+------+-------+
|  4 | male | draw  |
+----+------+-------+
1 row in set (0.00 sec)


//查詢hobby=9數據
MariaDB [test]> select * from testinfo where hobby=9;
+----+--------+-----------+
| id | sex    | hobby     |
+----+--------+-----------+
|  5 | female | sing,draw |
+----+--------+-----------+
1 row in set (0.00 sec)


//查詢hobby=10數據
MariaDB [test]> select * from testinfo where hobby=10;
+----+---------+------------+
| id | sex     | hobby      |
+----+---------+------------+
|  7 | unknown | dance,draw |
+----+---------+------------+
1 row in set (0.00 sec)


//查詢hobby=14數據
MariaDB [test]> select * from testinfo where hobby=14;
+----+------+------------------+
| id | sex  | hobby            |
+----+------+------------------+
|  8 | male | dance,write,draw |
+----+------+------------------+
1 row in set (0.00 sec)


//查詢hobby=31數據
MariaDB [test]> select * from testinfo where hobby=31;
+----+--------+----------------------------+
| id | sex    | hobby                      |
+----+--------+----------------------------+
|  9 | female | sing,dance,write,draw,race |
+----+--------+----------------------------+
1 row in set (0.00 sec)

//使用字符串查詢hobby=draw數據
MariaDB [test]> select * from testinfo where hobby='draw';
+----+------+-------+
| id | sex  | hobby |
+----+------+-------+
|  4 | male | draw  |
+----+------+-------+
1 row in set (0.00 sec)

//使用正則匹配含有字符串draw的數據
MariaDB [test]> select * from testinfo where hobby REGEXP 'draw';
+----+---------+----------------------------+
| id | sex     | hobby                      |
+----+---------+----------------------------+
|  4 | male    | draw                       |
|  5 | female  | sing,draw                  |
|  7 | unknown | dance,draw                 |
|  8 | male    | dance,write,draw           |
|  9 | female  | sing,dance,write,draw,race |
+----+---------+----------------------------+
5 rows in set (0.01 sec)

MariaDB [test]>
```

---
**Note Time**：2015.07.22 18:35 Wensday 上海 慧谷

---

`Blog Url`:<http://qingtianjiedu.com/blog/mariadb-use-datatype-enum-and-set/>
`Release Time`:2015-07-22
`BackUpTime`:2015.11.08 12:42
